// Jest Snapshot v1, https://goo.gl/fbAQLP

exports[`index should render Footer correctly 1`] = `
ShallowWrapper {
  Symbol(enzyme.__root__): [Circular],
  Symbol(enzyme.__unrendered__): <Footer />,
  Symbol(enzyme.__renderer__): Object {
    "batchedUpdates": [Function],
    "getNode": [Function],
    "render": [Function],
    "simulateError": [Function],
    "simulateEvent": [Function],
    "unmount": [Function],
  },
  Symbol(enzyme.__node__): Object {
    "instance": null,
    "key": undefined,
    "nodeType": "host",
    "props": Object {
      "children": <div
        className="main-container"
>
        <div
                className="footer-text-left"
        >
                v
                0.1.0
        </div>
        <div
                className="footer-text-right"
        >
                KriptMind, Janko Prester 2018
        </div>
</div>,
    },
    "ref": null,
    "rendered": Object {
      "instance": null,
      "key": undefined,
      "nodeType": "host",
      "props": Object {
        "children": Array [
          <div
            className="footer-text-left"
>
            v
            0.1.0
</div>,
          <div
            className="footer-text-right"
>
            KriptMind, Janko Prester 2018
</div>,
        ],
        "className": "main-container",
      },
      "ref": null,
      "rendered": Array [
        Object {
          "instance": null,
          "key": undefined,
          "nodeType": "host",
          "props": Object {
            "children": Array [
              "v",
              "0.1.0",
            ],
            "className": "footer-text-left",
          },
          "ref": null,
          "rendered": Array [
            "v",
            "0.1.0",
          ],
          "type": "div",
        },
        Object {
          "instance": null,
          "key": undefined,
          "nodeType": "host",
          "props": Object {
            "children": "KriptMind, Janko Prester 2018",
            "className": "footer-text-right",
          },
          "ref": null,
          "rendered": "KriptMind, Janko Prester 2018",
          "type": "div",
        },
      ],
      "type": "div",
    },
    "type": "footer",
  },
  Symbol(enzyme.__nodes__): Array [
    Object {
      "instance": null,
      "key": undefined,
      "nodeType": "host",
      "props": Object {
        "children": <div
          className="main-container"
>
          <div
                    className="footer-text-left"
          >
                    v
                    0.1.0
          </div>
          <div
                    className="footer-text-right"
          >
                    KriptMind, Janko Prester 2018
          </div>
</div>,
      },
      "ref": null,
      "rendered": Object {
        "instance": null,
        "key": undefined,
        "nodeType": "host",
        "props": Object {
          "children": Array [
            <div
              className="footer-text-left"
>
              v
              0.1.0
</div>,
            <div
              className="footer-text-right"
>
              KriptMind, Janko Prester 2018
</div>,
          ],
          "className": "main-container",
        },
        "ref": null,
        "rendered": Array [
          Object {
            "instance": null,
            "key": undefined,
            "nodeType": "host",
            "props": Object {
              "children": Array [
                "v",
                "0.1.0",
              ],
              "className": "footer-text-left",
            },
            "ref": null,
            "rendered": Array [
              "v",
              "0.1.0",
            ],
            "type": "div",
          },
          Object {
            "instance": null,
            "key": undefined,
            "nodeType": "host",
            "props": Object {
              "children": "KriptMind, Janko Prester 2018",
              "className": "footer-text-right",
            },
            "ref": null,
            "rendered": "KriptMind, Janko Prester 2018",
            "type": "div",
          },
        ],
        "type": "div",
      },
      "type": "footer",
    },
  ],
  Symbol(enzyme.__options__): Object {
    "adapter": ReactSixteenAdapter {
      "options": Object {
        "enableComponentDidUpdateOnSetState": true,
        "lifecycles": Object {
          "componentDidUpdate": Object {
            "onSetState": true,
          },
          "getDerivedStateFromProps": true,
          "getSnapshotBeforeUpdate": true,
          "setState": Object {
            "skipsComponentDidUpdateOnNullish": true,
          },
        },
      },
    },
    "attachTo": undefined,
    "hydrateIn": undefined,
  },
}
`;
